
========================================================================
[1/90] Habit Tracker  (id 1438388363)
========================================================================

Habit Tracker -- Goal Tracker & ADHD Planner
id 1438388363  by Inner Grow Limited
Probing 176 storefronts for review counts...
  probed 25/176
  probed 50/176
  probed 75/176
  probed 100/176
  probed 125/176
  probed 150/176
  probed 175/176
  probed 176/176

56,653 reviews across 127 storefronts
   store                 reviews   share
   China mainland         40,991    72.4%
   United States           5,436     9.6%
   United Kingdom          1,025     1.8%
   Canada                    878     1.5%
   Brazil                    756     1.3%
   India                     672     1.2%
   Germany                   520     0.9%
   Australia                 460     0.8%
   Mexico                    377     0.7%
   France                    302     0.5%
   Turkey                    297     0.5%
   Taiwan                    274     0.5%
   Russia                    273     0.5%
   Spain                     271     0.5%
   Philippines               210     0.4%
   Vietnam                   208     0.4%
   Poland                    178     0.3%
   Netherlands               176     0.3%
   Hong Kong                 171     0.3%
   Italy                     157     0.3%
   ...and 107 more storefronts (3,021 reviews)

Estimated requests: ~224

Writing to  out/1. Habit Tracker - Goal Tracker & ADHD Planner/
  [  1/127] au Australia           460 reviews   total       460/56,653 ( 0.8%)  4,600/s  eta  0.2m
  [  2/127] fr France              302 reviews   total       762/56,653 ( 1.3%)  7,620/s  eta  0.1m
  [  3/127] us United States     5,436 reviews   total     6,198/56,653 (10.9%)  61,980/s  eta  0.0m
  [  4/127] de Germany             520 reviews   total     6,718/56,653 (11.9%)  67,180/s  eta  0.0m
  [  5/127] ph Philippines         210 reviews   total     6,928/56,653 (12.2%)  69,280/s  eta  0.0m
  [  6/127] tw Taiwan              274 reviews   total     7,202/56,653 (12.7%)  72,020/s  eta  0.0m
  [  7/127] es Spain               271 reviews   total     7,473/56,653 (13.2%)  74,730/s  eta  0.0m
  [  8/127] mx Mexico              377 reviews   total     7,850/56,653 (13.9%)  78,500/s  eta  0.0m
  [  9/127] tr Turkey              297 reviews   total     8,147/56,653 (14.4%)  81,470/s  eta  0.0m
  [ 10/127] ca Canada              878 reviews   total     9,025/56,653 (15.9%)  90,250/s  eta  0.0m
  [ 11/127] br Brazil              756 reviews   total     9,781/56,653 (17.3%)  97,810/s  eta  0.0m
  [ 12/127] ru Russia              273 reviews   total    10,054/56,653 (17.7%)  100,540/s  eta  0.0m
  [ 13/127] cn China mainland   40,991 reviews   total    51,045/56,653 (90.1%)  510,450/s  eta  0.0m
  [ 14/127] in India               672 reviews   total    51,717/56,653 (91.3%)  517,170/s  eta  0.0m
  [ 15/127] gb United Kingdom    1,025 reviews   total    52,742/56,653 (93.1%)  527,420/s  eta  0.0m
  [ 16/127] vn Vietnam             208 reviews   total    52,950/56,653 (93.5%)  529,500/s  eta  0.0m
  [ 17/127] pl Poland              178 reviews   total    53,128/56,653 (93.8%)  531,280/s  eta  0.0m
  [ 18/127] nl Netherlands         176 reviews   total    53,304/56,653 (94.1%)  533,040/s  eta  0.0m
  [ 19/127] hk Hong Kong           171 reviews   total    53,475/56,653 (94.4%)  534,750/s  eta  0.0m
  [ 20/127] it Italy               157 reviews   total    53,632/56,653 (94.7%)  536,320/s  eta  0.0m
  [ 21/127] id Indonesia           152 reviews   total    53,784/56,653 (94.9%)  537,840/s  eta  0.0m
  [ 22/127] co Colombia            134 reviews   total    53,918/56,653 (95.2%)  539,180/s  eta  0.0m
  [ 23/127] jp Japan               132 reviews   total    54,050/56,653 (95.4%)  540,500/s  eta  0.0m
  [ 24/127] sa Saudi Arabia        131 reviews   total    54,181/56,653 (95.6%)  541,810/s  eta  0.0m
  [ 25/127] se Sweden              127 reviews   total    54,308/56,653 (95.9%)  543,080/s  eta  0.0m
  [ 26/127] my Malaysia            109 reviews   total    54,417/56,653 (96.1%)  544,170/s  eta  0.0m
  [ 27/127] ar Argentina           108 reviews   total    54,525/56,653 (96.2%)  545,250/s  eta  0.0m
  [ 28/127] ua Ukraine             105 reviews   total    54,630/56,653 (96.4%)  546,300/s  eta  0.0m
  [ 29/127] eg Egypt               103 reviews   total    54,733/56,653 (96.6%)  547,330/s  eta  0.0m
  [ 30/127] sg Singapore           101 reviews   total    54,834/56,653 (96.8%)  548,340/s  eta  0.0m
  [ 31/127] nz New Zealand          94 reviews   total    54,928/56,653 (97.0%)  549,280/s  eta  0.0m
  [ 32/127] cl Chile                80 reviews   total    55,008/56,653 (97.1%)  550,080/s  eta  0.0m
  [ 33/127] pt Portugal             75 reviews   total    55,083/56,653 (97.2%)  550,830/s  eta  0.0m
  [ 34/127] za South Africa         73 reviews   total    55,156/56,653 (97.4%)  551,560/s  eta  0.0m
  [ 35/127] ae UAE                  71 reviews   total    55,227/56,653 (97.5%)  552,270/s  eta  0.0m
  [ 36/127] th Thailand             71 reviews   total    55,298/56,653 (97.6%)  552,980/s  eta  0.0m
  [ 37/127] cz Czechia              69 reviews   total    55,367/56,653 (97.7%)  553,670/s  eta  0.0m
  [ 38/127] at Austria              66 reviews   total    55,433/56,653 (97.8%)  554,330/s  eta  0.0m
  [ 39/127] be Belgium              61 reviews   total    55,494/56,653 (98.0%)  554,940/s  eta  0.0m
  [ 40/127] ch Switzerland          58 reviews   total    55,552/56,653 (98.1%)  555,520/s  eta  0.0m
  [ 41/127] no Norway               58 reviews   total    55,610/56,653 (98.2%)  556,100/s  eta  0.0m
  [ 42/127] pe Peru                 57 reviews   total    55,667/56,653 (98.3%)  556,670/s  eta  0.0m
  [ 43/127] kz KZ                   57 reviews   total    55,724/56,653 (98.4%)  557,240/s  eta  0.0m
  [ 44/127] ro Romania              53 reviews   total    55,777/56,653 (98.5%)  557,770/s  eta  0.0m
  [ 45/127] ie Ireland              52 reviews   total    55,829/56,653 (98.5%)  558,290/s  eta  0.0m
  [ 46/127] il Israel               49 reviews   total    55,878/56,653 (98.6%)  558,780/s  eta  0.0m
  [ 47/127] dk Denmark              46 reviews   total    55,924/56,653 (98.7%)  559,240/s  eta  0.0m
  [ 48/127] ng Nigeria              43 reviews   total    55,967/56,653 (98.8%)  559,670/s  eta  0.0m
  [ 49/127] hu Hungary              43 reviews   total    56,010/56,653 (98.9%)  560,100/s  eta  0.0m
  [ 50/127] kr South Korea          41 reviews   total    56,051/56,653 (98.9%)  560,510/s  eta  0.0m
  [ 51/127] do DO                   29 reviews   total    56,080/56,653 (99.0%)  560,800/s  eta  0.0m
  [ 52/127] fi Finland              26 reviews   total    56,106/56,653 (99.0%)  561,060/s  eta  0.0m
  [ 53/127] ec EC                   24 reviews   total    56,130/56,653 (99.1%)  561,300/s  eta  0.0m
  [ 54/127] uz UZ                   23 reviews   total    56,153/56,653 (99.1%)  561,530/s  eta  0.0m
  [ 55/127] pk Pakistan             22 reviews   total    56,175/56,653 (99.2%)  561,750/s  eta  0.0m
  [ 56/127] lk LK                   22 reviews   total    56,197/56,653 (99.2%)  561,970/s  eta  0.0m
  [ 57/127] mn MN                   20 reviews   total    56,217/56,653 (99.2%)  562,170/s  eta  0.0m
  [ 58/127] bg BG                   19 reviews   total    56,236/56,653 (99.3%)  562,360/s  eta  0.0m
  [ 59/127] rs RS                   18 reviews   total    56,254/56,653 (99.3%)  562,540/s  eta  0.0m
  [ 60/127] sk SK                   18 reviews   total    56,272/56,653 (99.3%)  562,720/s  eta  0.0m
  [ 61/127] cr CR                   17 reviews   total    56,289/56,653 (99.4%)  562,890/s  eta  0.0m
  [ 62/127] gr Greece               16 reviews   total    56,305/56,653 (99.4%)  563,050/s  eta  0.0m
  [ 63/127] gt GT                   15 reviews   total    56,320/56,653 (99.4%)  563,200/s  eta  0.0m
  [ 64/127] hr HR                   15 reviews   total    56,335/56,653 (99.4%)  563,350/s  eta  0.0m
  [ 65/127] kw KW                   14 reviews   total    56,349/56,653 (99.5%)  563,490/s  eta  0.0m
  [ 66/127] lt LT                   13 reviews   total    56,362/56,653 (99.5%)  563,620/s  eta  0.0m
  [ 67/127] by BY                   12 reviews   total    56,374/56,653 (99.5%)  563,740/s  eta  0.0m
  [ 68/127] gh GH                   12 reviews   total    56,386/56,653 (99.5%)  563,860/s  eta  0.0m
  [ 69/127] ke KE                   12 reviews   total    56,398/56,653 (99.5%)  563,980/s  eta  0.0m
  [ 70/127] lv LV                   12 reviews   total    56,410/56,653 (99.6%)  564,100/s  eta  0.0m
  [ 71/127] om OM                   12 reviews   total    56,422/56,653 (99.6%)  564,220/s  eta  0.0m
  [ 72/127] uy UY                   12 reviews   total    56,434/56,653 (99.6%)  564,340/s  eta  0.0m
  [ 73/127] ee EE                   11 reviews   total    56,445/56,653 (99.6%)  564,450/s  eta  0.0m
  [ 74/127] py PY                   11 reviews   total    56,456/56,653 (99.7%)  564,560/s  eta  0.0m
  [ 75/127] jo JO                   10 reviews   total    56,466/56,653 (99.7%)  564,660/s  eta  0.0m
  [ 76/127] kg KG                   10 reviews   total    56,476/56,653 (99.7%)  564,760/s  eta  0.0m
  [ 77/127] ge GE                    8 reviews   total    56,484/56,653 (99.7%)  564,840/s  eta  0.0m
  [ 78/127] np NP                    8 reviews   total    56,492/56,653 (99.7%)  564,920/s  eta  0.0m
  [ 79/127] pa PA                    8 reviews   total    56,500/56,653 (99.7%)  565,000/s  eta  0.0m
  [ 80/127] si SI                    8 reviews   total    56,508/56,653 (99.7%)  565,080/s  eta  0.0m
  [ 81/127] bo BO                    7 reviews   total    56,515/56,653 (99.8%)  565,150/s  eta  0.0m
  [ 82/127] dz DZ                    7 reviews   total    56,522/56,653 (99.8%)  565,220/s  eta  0.0m
  [ 83/127] ma MA                    7 reviews   total    56,529/56,653 (99.8%)  565,290/s  eta  0.0m
  [ 84/127] md MD                    6 reviews   total    56,535/56,653 (99.8%)  565,350/s  eta  0.0m
  [ 85/127] mo MO                    6 reviews   total    56,541/56,653 (99.8%)  565,410/s  eta  0.0m
  [ 86/127] sv SV                    6 reviews   total    56,547/56,653 (99.8%)  565,470/s  eta  0.0m
  [ 87/127] am AM                    5 reviews   total    56,552/56,653 (99.8%)  565,520/s  eta  0.0m
  [ 88/127] az AZ                    5 reviews   total    56,557/56,653 (99.8%)  565,570/s  eta  0.0m
  [ 89/127] al AL                    5 reviews   total    56,562/56,653 (99.8%)  565,620/s  eta  0.0m
  [ 90/127] bh BH                    5 reviews   total    56,567/56,653 (99.8%)  565,670/s  eta  0.0m
  [ 91/127] hn HN                    5 reviews   total    56,572/56,653 (99.9%)  565,720/s  eta  0.0m
  [ 92/127] jm JM                    5 reviews   total    56,577/56,653 (99.9%)  565,770/s  eta  0.0m
  [ 93/127] lu LU                    5 reviews   total    56,582/56,653 (99.9%)  565,820/s  eta  0.0m
  [ 94/127] ve VE                    5 reviews   total    56,587/56,653 (99.9%)  565,870/s  eta  0.0m
  [ 95/127] ao AO                    4 reviews   total    56,591/56,653 (99.9%)  565,910/s  eta  0.0m
  [ 96/127] is IS                    4 reviews   total    56,595/56,653 (99.9%)  565,950/s  eta  0.0m
  [ 97/127] mt MT                    4 reviews   total    56,599/56,653 (99.9%)  565,990/s  eta  0.0m
  [ 98/127] ba BA                    3 reviews   total    56,602/56,653 (99.9%)  566,020/s  eta  0.0m
  [ 99/127] ci CI                    3 reviews   total    56,605/56,653 (99.9%)  566,050/s  eta  0.0m
  [100/127] qa QA                    3 reviews   total    56,608/56,653 (99.9%)  566,080/s  eta  0.0m
  [101/127] sn SN                    3 reviews   total    56,611/56,653 (99.9%)  566,110/s  eta  0.0m
  [102/127] tn TN                    3 reviews   total    56,614/56,653 (99.9%)  566,140/s  eta  0.0m
  [103/127] tt TT                    3 reviews   total    56,617/56,653 (99.9%)  566,170/s  eta  0.0m
  [104/127] ug UG                    3 reviews   total    56,620/56,653 (99.9%)  566,200/s  eta  0.0m
  [105/127] cv CV                    2 reviews   total    56,622/56,653 (99.9%)  566,220/s  eta  0.0m
  [106/127] cy CY                    2 reviews   total    56,624/56,653 (99.9%)  566,240/s  eta  0.0m
  [107/127] kh KH                    2 reviews   total    56,626/56,653 (100.0%)  566,260/s  eta  0.0m
  [108/127] lb LB                    2 reviews   total    56,628/56,653 (100.0%)  566,280/s  eta  0.0m
  [109/127] ly LY                    2 reviews   total    56,630/56,653 (100.0%)  566,300/s  eta  0.0m
  [110/127] mu MU                    2 reviews   total    56,632/56,653 (100.0%)  566,320/s  eta  0.0m
  [111/127] ni NI                    2 reviews   total    56,634/56,653 (100.0%)  566,340/s  eta  0.0m
  [112/127] pw PW                    2 reviews   total    56,636/56,653 (100.0%)  566,360/s  eta  0.0m
  [113/127] tz TZ                    2 reviews   total    56,638/56,653 (100.0%)  566,380/s  eta  0.0m
  [114/127] zw ZW                    2 reviews   total    56,640/56,653 (100.0%)  566,400/s  eta  0.0m
  [115/127] bn BN                    1 reviews   total    56,641/56,653 (100.0%)  566,410/s  eta  0.0m
  [116/127] bw BW                    1 reviews   total    56,642/56,653 (100.0%)  566,420/s  eta  0.0m
  [117/127] cm CM                    1 reviews   total    56,643/56,653 (100.0%)  566,430/s  eta  0.0m
  [118/127] la LA                    1 reviews   total    56,644/56,653 (100.0%)  566,440/s  eta  0.0m
  [119/127] mv MV                    1 reviews   total    56,645/56,653 (100.0%)  566,450/s  eta  0.0m
  [120/127] mw MW                    1 reviews   total    56,646/56,653 (100.0%)  566,460/s  eta  0.0m
  [121/127] na NA                    1 reviews   total    56,647/56,653 (100.0%)  566,470/s  eta  0.0m
  [122/127] sl SL                    1 reviews   total    56,648/56,653 (100.0%)  566,480/s  eta  0.0m
  [123/127] td TD                    1 reviews   total    56,649/56,653 (100.0%)  566,490/s  eta  0.0m
  [124/127] vc VC                    1 reviews   total    56,650/56,653 (100.0%)  566,500/s  eta  0.0m
  [125/127] ye YE                    1 reviews   total    56,651/56,653 (100.0%)  566,510/s  eta  0.0m
  [126/127] zm ZM                    1 reviews   total    56,652/56,653 (100.0%)  566,520/s  eta  0.0m
  [127/127] xk XK                    1 reviews   total    56,653/56,653 (100.0%)  566,530/s  eta  0.0m

Done in 0.0 min -- 0 new reviews this run
  out/1. Habit Tracker - Goal Tracker & ADHD Planner/reviews.jsonl  (56,653 reviews)
  out/1. Habit Tracker - Goal Tracker & ADHD Planner/manifest.json
  mean rating 4.674  across 127 storefronts

========================================================================
[2/90] Daily Habits - Habit Tracker  (id 1133119692)
========================================================================

Daily Habits - Habit Tracker -- Habit List and Routine Tracker
id 1133119692  by Olha Ievenko
Probing 176 storefronts for review counts...
  probed 25/176
  ! throttled by Apple -- backing off to 1.0s between requests
  ! throttled by Apple -- backing off to 1.4s between requests
  ! throttled by Apple -- backing off to 2.1s between requests
  ! throttled by Apple -- backing off to 4.2s between requests
  ! throttled by Apple -- backing off to 8.4s between requests
  ! throttled by Apple -- backing off to 16.7s between requests
  ! throttled by Apple -- backing off to 24.1s between requests
  ! throttled by Apple -- backing off to 30.0s between requests
  ! throttled by Apple -- backing off to 30.0s between requests
  ! throttled by Apple -- backing off to 30.0s between requests
  ! throttled by Apple -- backing off to 30.0s between requests
  ! throttled by Apple -- backing off to 30.0s between requests
  ! throttled by Apple -- backing off to 30.0s between requests
  ! throttled by Apple -- backing off to 30.0s between requests
  ! throttled by Apple -- backing off to 30.0s between requests
  ! throttled by Apple -- backing off to 30.0s between requests
  ! throttled by Apple -- backing off to 30.0s between requests
  ! throttled by Apple -- backing off to 30.0s between requests
  ! throttled by Apple -- backing off to 30.0s between requests
  ! throttled by Apple -- backing off to 30.0s between requests
  ! throttled by Apple -- backing off to 30.0s between requests
  ! throttled by Apple -- backing off to 30.0s between requests
  probed 50/176
  ! throttled by Apple -- backing off to 30.0s between requests
  ! throttled by Apple -- backing off to 30.0s between requests
  ! throttled by Apple -- backing off to 30.0s between requests
  ! throttled by Apple -- backing off to 30.0s between requests
  ! throttled by Apple -- backing off to 30.0s between requests
  ! throttled by Apple -- backing off to 30.0s between requests
  ! throttled by Apple -- backing off to 30.0s between requests
  ! throttled by Apple -- backing off to 30.0s between requests
  ! throttled by Apple -- backing off to 30.0s between requests
  ! throttled by Apple -- backing off to 30.0s between requests
  ! throttled by Apple -- backing off to 30.0s between requests
  ! throttled by Apple -- backing off to 30.0s between requests
  ! throttled by Apple -- backing off to 30.0s between requests
  ! throttled by Apple -- backing off to 30.0s between requests
  ! throttled by Apple -- backing off to 30.0s between requests
  ! throttled by Apple -- backing off to 30.0s between requests
  ! throttled by Apple -- backing off to 30.0s between requests
  ! throttled by Apple -- backing off to 30.0s between requests
  ! throttled by Apple -- backing off to 30.0s between requests
  ! throttled by Apple -- backing off to 30.0s between requests
  ! throttled by Apple -- backing off to 30.0s between requests
  ! throttled by Apple -- backing off to 30.0s between requests
  ! throttled by Apple -- backing off to 30.0s between requests
  ! throttled by Apple -- backing off to 30.0s between requests
  ! throttled by Apple -- backing off to 30.0s between requests
  ! throttled by Apple -- backing off to 30.0s between requests
  ! throttled by Apple -- backing off to 30.0s between requests
  ! throttled by Apple -- backing off to 30.0s between requests
  probed 75/176
  ! throttled by Apple -- backing off to 30.0s between requests
  ! throttled by Apple -- backing off to 30.0s between requests
  ! throttled by Apple -- backing off to 30.0s between requests
  ! throttled by Apple -- backing off to 30.0s between requests
  ! throttled by Apple -- backing off to 30.0s between requests
  ! throttled by Apple -- backing off to 30.0s between requests
  ! throttled by Apple -- backing off to 30.0s between requests
  ! throttled by Apple -- backing off to 30.0s between requests
  ! throttled by Apple -- backing off to 30.0s between requests
  ! throttled by Apple -- backing off to 30.0s between requests
  ! throttled by Apple -- backing off to 30.0s between requests
  ! throttled by Apple -- backing off to 30.0s between requests
  ! throttled by Apple -- backing off to 30.0s between requests
  ! throttled by Apple -- backing off to 30.0s between requests
  ! throttled by Apple -- backing off to 30.0s between requests
  ! throttled by Apple -- backing off to 30.0s between requests
  ! throttled by Apple -- backing off to 30.0s between requests
  ! throttled by Apple -- backing off to 30.0s between requests
  ! throttled by Apple -- backing off to 30.0s between requests
  ! throttled by Apple -- backing off to 30.0s between requests
  ! throttled by Apple -- backing off to 30.0s between requests
  ! throttled by Apple -- backing off to 30.0s between requests
  ! throttled by Apple -- backing off to 30.0s between requests
  ! throttled by Apple -- backing off to 30.0s between requests
  ! throttled by Apple -- backing off to 30.0s between requests
  ! throttled by Apple -- backing off to 30.0s between requests
  ! throttled by Apple -- backing off to 30.0s between requests
  ! throttled by Apple -- backing off to 30.0s between requests
  ! throttled by Apple -- backing off to 30.0s between requests
  ! throttled by Apple -- backing off to 30.0s between requests
  ! throttled by Apple -- backing off to 30.0s between requests
  ! throttled by Apple -- backing off to 30.0s between requests
  ! throttled by Apple -- backing off to 30.0s between requests
  ! throttled by Apple -- backing off to 22.6s between requests
  probed 100/176
  ! throttled by Apple -- backing off to 27.8s between requests
  ! throttled by Apple -- backing off to 30.0s between requests
  ! throttled by Apple -- backing off to 30.0s between requests
  ! throttled by Apple -- backing off to 30.0s between requests
  ! throttled by Apple -- backing off to 30.0s between requests
  ! throttled by Apple -- backing off to 30.0s between requests
  ! throttled by Apple -- backing off to 30.0s between requests
  ! throttled by Apple -- backing off to 30.0s between requests
  ! throttled by Apple -- backing off to 30.0s between requests
  ! throttled by Apple -- backing off to 30.0s between requests
  ! throttled by Apple -- backing off to 30.0s between requests
  ! throttled by Apple -- backing off to 30.0s between requests
  ! throttled by Apple -- backing off to 30.0s between requests
  ! throttled by Apple -- backing off to 30.0s between requests
  ! throttled by Apple -- backing off to 30.0s between requests
  ! throttled by Apple -- backing off to 30.0s between requests
  ! throttled by Apple -- backing off to 30.0s between requests
  ! throttled by Apple -- backing off to 30.0s between requests
  ! throttled by Apple -- backing off to 30.0s between requests
  ! throttled by Apple -- backing off to 30.0s between requests
  ! throttled by Apple -- backing off to 30.0s between requests
  ! throttled by Apple -- backing off to 30.0s between requests
  ! throttled by Apple -- backing off to 30.0s between requests
  ! throttled by Apple -- backing off to 30.0s between requests
  ! throttled by Apple -- backing off to 30.0s between requests
  ! throttled by Apple -- backing off to 30.0s between requests
  ! throttled by Apple -- backing off to 30.0s between requests
  ! throttled by Apple -- backing off to 30.0s between requests
  ! throttled by Apple -- backing off to 30.0s between requests
  ! throttled by Apple -- backing off to 30.0s between requests
  ! throttled by Apple -- backing off to 30.0s between requests
  ! throttled by Apple -- backing off to 30.0s between requests
  ! throttled by Apple -- backing off to 30.0s between requests
  ! throttled by Apple -- backing off to 30.0s between requests
  ! throttled by Apple -- backing off to 30.0s between requests
  ! throttled by Apple -- backing off to 30.0s between requests
  ! throttled by Apple -- backing off to 30.0s between requests
  ! throttled by Apple -- backing off to 30.0s between requests
  ! throttled by Apple -- backing off to 30.0s between requests
  ! throttled by Apple -- backing off to 30.0s between requests
  probed 125/176
  ! throttled by Apple -- backing off to 30.0s between requests
  ! throttled by Apple -- backing off to 30.0s between requests
  ! throttled by Apple -- backing off to 30.0s between requests
  ! throttled by Apple -- backing off to 30.0s between requests
  ! throttled by Apple -- backing off to 30.0s between requests
  ! throttled by Apple -- backing off to 30.0s between requests
  ! throttled by Apple -- backing off to 30.0s between requests
  ! throttled by Apple -- backing off to 30.0s between requests
  ! throttled by Apple -- backing off to 30.0s between requests
  ! throttled by Apple -- backing off to 30.0s between requests
  ! throttled by Apple -- backing off to 30.0s between requests
  ! throttled by Apple -- backing off to 30.0s between requests
  ! throttled by Apple -- backing off to 30.0s between requests
  probed 150/176
  ! throttled by Apple -- backing off to 16.3s between requests
  ! throttled by Apple -- backing off to 30.0s between requests
  ! throttled by Apple -- backing off to 30.0s between requests
  ! throttled by Apple -- backing off to 30.0s between requests
  ! throttled by Apple -- backing off to 30.0s between requests
  ! throttled by Apple -- backing off to 30.0s between requests
  ! throttled by Apple -- backing off to 30.0s between requests
  ! throttled by Apple -- backing off to 22.6s between requests
  ! throttled by Apple -- backing off to 30.0s between requests
  ! throttled by Apple -- backing off to 30.0s between requests
  ! throttled by Apple -- backing off to 30.0s between requests
  ! throttled by Apple -- backing off to 30.0s between requests
  ! throttled by Apple -- backing off to 30.0s between requests
  ! throttled by Apple -- backing off to 30.0s between requests
  ! throttled by Apple -- backing off to 30.0s between requests
  ! throttled by Apple -- backing off to 30.0s between requests
  ! throttled by Apple -- backing off to 30.0s between requests
  ! throttled by Apple -- backing off to 30.0s between requests
  ! throttled by Apple -- backing off to 30.0s between requests
  ! throttled by Apple -- backing off to 30.0s between requests
  ! throttled by Apple -- backing off to 30.0s between requests
  ! throttled by Apple -- backing off to 30.0s between requests
  ! throttled by Apple -- backing off to 30.0s between requests
  ! throttled by Apple -- backing off to 30.0s between requests
  probed 175/176
  ! throttled by Apple -- backing off to 30.0s between requests
  probed 176/176

516 reviews across 60 storefronts
   store                 reviews   share
   United States              98    19.0%
   Mexico                     36     7.0%
   Germany                    34     6.6%
   United Kingdom             29     5.6%
   Canada                     28     5.4%
   Japan                      20     3.9%
   Brazil                     20     3.9%
   Russia                     19     3.7%
   France                     17     3.3%
   India                      16     3.1%
   Spain                      14     2.7%
   Vietnam                    14     2.7%
   Italy                      13     2.5%
   Australia                  12     2.3%
   Ukraine                    12     2.3%
   China mainland             11     2.1%
   Philippines                 8     1.6%
   Colombia                    8     1.6%
   South Korea                 7     1.4%
   Saudi Arabia                6     1.2%
   ...and 40 more storefronts (94 reviews)

Estimated requests: ~60

Writing to  out/2. Daily Habits - Habit Tracker - Habit List and Routine Tracker/
  [  1/60] us United States        98 reviews   total        98/516 (19.0%)  4/s  eta  1.6m
  [  2/60] de Germany              34 reviews   total       132/516 (25.6%)  6/s  eta  1.2m
  [  3/60] mx Mexico               36 reviews   total       168/516 (32.6%)  6/s  eta  1.0m
  [  4/60] gb United Kingdom       29 reviews   total       197/516 (38.2%)  6/s  eta  0.8m
  [  5/60] ca Canada               28 reviews   total       225/516 (43.6%)  6/s  eta  0.8m
  [  6/60] jp Japan                20 reviews   total       245/516 (47.5%)  6/s  eta  0.8m
  [  7/60] ru Russia               19 reviews   total       264/516 (51.2%)  6/s  eta  0.7m
  [  8/60] in India                16 reviews   total       280/516 (54.3%)  6/s  eta  0.7m
  [  9/60] fr France               17 reviews   total       297/516 (57.6%)  6/s  eta  0.6m
  [ 10/60] br Brazil               20 reviews   total       317/516 (61.4%)  6/s  eta  0.5m
  [ 11/60] es Spain                14 reviews   total       331/516 (64.1%)  6/s  eta  0.5m
  [ 12/60] vn Vietnam              14 reviews   total       345/516 (66.9%)  7/s  eta  0.4m
  [ 13/60] au Australia            12 reviews   total       357/516 (69.2%)  6/s  eta  0.4m
  [ 14/60] ua Ukraine              12 reviews   total       369/516 (71.5%)  7/s  eta  0.4m
  [ 15/60] ph Philippines           8 reviews   total       377/516 (73.1%)  7/s  eta  0.4m
  [ 16/60] cn China mainland       11 reviews   total       388/516 (75.2%)  7/s  eta  0.3m
  [ 17/60] it Italy                13 reviews   total       401/516 (77.7%)  7/s  eta  0.3m
  [ 18/60] sa Saudi Arabia          6 reviews   total       407/516 (78.9%)  7/s  eta  0.3m
  [ 19/60] co Colombia              8 reviews   total       415/516 (80.4%)  7/s  eta  0.2m
  [ 20/60] ar Argentina             6 reviews   total       421/516 (81.6%)  7/s  eta  0.2m
  [ 21/60] kr South Korea           7 reviews   total       428/516 (82.9%)  7/s  eta  0.2m
  [ 22/60] tr Turkey                6 reviews   total       434/516 (84.1%)  7/s  eta  0.2m
  [ 23/60] th Thailand              5 reviews   total       439/516 (85.1%)  7/s  eta  0.2m
  [ 24/60] my Malaysia              6 reviews   total       445/516 (86.2%)  7/s  eta  0.2m
  [ 25/60] id Indonesia             4 reviews   total       449/516 (87.0%)  7/s  eta  0.2m
  [ 26/60] pl Poland                5 reviews   total       454/516 (88.0%)  7/s  eta  0.1m
  [ 27/60] cl Chile                 4 reviews   total       458/516 (88.8%)  7/s  eta  0.1m
  [ 28/60] pe Peru                  4 reviews   total       462/516 (89.5%)  7/s  eta  0.1m
  [ 29/60] nl Netherlands           3 reviews   total       465/516 (90.1%)  7/s  eta  0.1m
  [ 30/60] ae UAE                   3 reviews   total       468/516 (90.7%)  8/s  eta  0.1m
  [ 31/60] ro Romania               3 reviews   total       471/516 (91.3%)  8/s  eta  0.1m
  [ 32/60] sg Singapore             3 reviews   total       474/516 (91.9%)  8/s  eta  0.1m
  [ 33/60] cz Czechia               3 reviews   total       477/516 (92.4%)  8/s  eta  0.1m
  [ 34/60] cr CR                    3 reviews   total       480/516 (93.0%)  8/s  eta  0.1m
  [ 35/60] pt Portugal              3 reviews   total       483/516 (93.6%)  8/s  eta  0.1m
  [ 36/60] kz KZ                    3 reviews   total       486/516 (94.2%)  8/s  eta  0.1m
  [ 37/60] dk Denmark               2 reviews   total       488/516 (94.6%)  8/s  eta  0.1m
  [ 38/60] no Norway                2 reviews   total       490/516 (95.0%)  8/s  eta  0.1m
  [ 39/60] be Belgium               2 reviews   total       492/516 (95.3%)  8/s  eta  0.1m
  [ 40/60] il Israel                2 reviews   total       494/516 (95.7%)  8/s  eta  0.0m
  [ 41/60] eg Egypt                 2 reviews   total       496/516 (96.1%)  8/s  eta  0.0m
  [ 42/60] hu Hungary               2 reviews   total       498/516 (96.5%)  8/s  eta  0.0m
  [ 43/60] hk Hong Kong             1 reviews   total       499/516 (96.7%)  8/s  eta  0.0m
  [ 44/60] se Sweden                1 reviews   total       500/516 (96.9%)  8/s  eta  0.0m
  [ 45/60] fi Finland               1 reviews   total       501/516 (97.1%)  8/s  eta  0.0m
  [ 46/60] ch Switzerland           1 reviews   total       502/516 (97.3%)  8/s  eta  0.0m
  [ 47/60] at Austria               1 reviews   total       503/516 (97.5%)  8/s  eta  0.0m
  [ 48/60] nz New Zealand           1 reviews   total       504/516 (97.7%)  8/s  eta  0.0m
  [ 49/60] za South Africa          1 reviews   total       505/516 (97.9%)  8/s  eta  0.0m
  [ 50/60] gr Greece                1 reviews   total       506/516 (98.1%)  8/s  eta  0.0m
  [ 51/60] pk Pakistan              1 reviews   total       507/516 (98.3%)  8/s  eta  0.0m
  [ 52/60] az AZ                    1 reviews   total       508/516 (98.4%)  8/s  eta  0.0m
  [ 53/60] by BY                    1 reviews   total       509/516 (98.6%)  8/s  eta  0.0m
  [ 54/60] do DO                    1 reviews   total       510/516 (98.8%)  8/s  eta  0.0m
  [ 55/60] gh GH                    1 reviews   total       511/516 (99.0%)  8/s  eta  0.0m
  [ 56/60] mz MZ                    1 reviews   total       512/516 (99.2%)  8/s  eta  0.0m
  [ 57/60] ni NI                    1 reviews   total       513/516 (99.4%)  8/s  eta  0.0m
  [ 58/60] qa QA                    1 reviews   total       514/516 (99.6%)  8/s  eta  0.0m
  [ 59/60] om OM                    1 reviews   total       515/516 (99.8%)  8/s  eta  0.0m
  [ 60/60] py PY                    1 reviews   total       516/516 (100.0%)  8/s  eta  0.0m

Done in 1.1 min -- 516 new reviews this run
  out/2. Daily Habits - Habit Tracker - Habit List and Routine Tracker/reviews.jsonl  (516 reviews)
  out/2. Daily Habits - Habit Tracker - Habit List and Routine Tracker/manifest.json
  mean rating 4.143  across 60 storefronts

========================================================================
[3/90] Days Since: Quit Habit Tracker  (id 1445348921)
========================================================================

Days Since: Quit Habit Tracker -- Sober Streak Day Counter
id 1445348921  by A Couple of Friends OOD
Probing 176 storefronts for review counts...
  ! throttled by Apple -- backing off to 1.0s between requests
  ! throttled by Apple -- backing off to 1.4s between requests
  ! throttled by Apple -- backing off to 2.9s between requests
  ! throttled by Apple -- backing off to 5.8s between requests
  ! throttled by Apple -- backing off to 8.4s between requests
  ! throttled by Apple -- backing off to 16.7s between requests
  ! throttled by Apple -- backing off to 28.4s between requests
  ! throttled by Apple -- backing off to 25.2s between requests
  ! throttled by Apple -- backing off to 30.0s between requests
  ! throttled by Apple -- backing off to 30.0s between requests
  ! throttled by Apple -- backing off to 30.0s between requests
  ! throttled by Apple -- backing off to 30.0s between requests
  ! throttled by Apple -- backing off to 30.0s between requests
  ! throttled by Apple -- backing off to 30.0s between requests
  ! throttled by Apple -- backing off to 30.0s between requests
  ! throttled by Apple -- backing off to 30.0s between requests
  ! throttled by Apple -- backing off to 30.0s between requests
  ! throttled by Apple -- backing off to 30.0s between requests
  ! throttled by Apple -- backing off to 30.0s between requests
  ! throttled by Apple -- backing off to 30.0s between requests
  ! throttled by Apple -- backing off to 30.0s between requests
  ! throttled by Apple -- backing off to 30.0s between requests
  ! throttled by Apple -- backing off to 30.0s between requests
  ! throttled by Apple -- backing off to 30.0s between requests
  ! throttled by Apple -- backing off to 30.0s between requests
  ! throttled by Apple -- backing off to 30.0s between requests
  ! throttled by Apple -- backing off to 30.0s between requests
  ! throttled by Apple -- backing off to 30.0s between requests
  ! throttled by Apple -- backing off to 30.0s between requests
  ! throttled by Apple -- backing off to 30.0s between requests
  ! throttled by Apple -- backing off to 30.0s between requests
  ! throttled by Apple -- backing off to 30.0s between requests
  ! throttled by Apple -- backing off to 30.0s between requests
  ! throttled by Apple -- backing off to 30.0s between requests
  ! throttled by Apple -- backing off to 30.0s between requests
  ! throttled by Apple -- backing off to 30.0s between requests
  ! throttled by Apple -- backing off to 30.0s between requests
  ! throttled by Apple -- backing off to 30.0s between requests
  ! throttled by Apple -- backing off to 30.0s between requests
  ! throttled by Apple -- backing off to 30.0s between requests
  ! throttled by Apple -- backing off to 30.0s between requests
  probed 25/176
  ! throttled by Apple -- backing off to 30.0s between requests
  ! throttled by Apple -- backing off to 30.0s between requests
  ! throttled by Apple -- backing off to 30.0s between requests
  ! throttled by Apple -- backing off to 30.0s between requests
  ! throttled by Apple -- backing off to 30.0s between requests
  ! throttled by Apple -- backing off to 30.0s between requests
  ! throttled by Apple -- backing off to 30.0s between requests
  ! throttled by Apple -- backing off to 30.0s between requests
  ! throttled by Apple -- backing off to 30.0s between requests
  ! throttled by Apple -- backing off to 30.0s between requests
  ! throttled by Apple -- backing off to 30.0s between requests
  ! throttled by Apple -- backing off to 30.0s between requests
  ! throttled by Apple -- backing off to 30.0s between requests
  ! throttled by Apple -- backing off to 30.0s between requests
  ! throttled by Apple -- backing off to 30.0s between requests
  ! throttled by Apple -- backing off to 30.0s between requests
  ! throttled by Apple -- backing off to 30.0s between requests
  ! throttled by Apple -- backing off to 30.0s between requests
  ! throttled by Apple -- backing off to 30.0s between requests
  ! throttled by Apple -- backing off to 30.0s between requests
  ! throttled by Apple -- backing off to 30.0s between requests
  probed 50/176
  ! throttled by Apple -- backing off to 30.0s between requests
  ! throttled by Apple -- backing off to 30.0s between requests
  ! throttled by Apple -- backing off to 30.0s between requests
  ! throttled by Apple -- backing off to 30.0s between requests
  ! throttled by Apple -- backing off to 30.0s between requests
  ! throttled by Apple -- backing off to 30.0s between requests
  ! throttled by Apple -- backing off to 30.0s between requests
  ! throttled by Apple -- backing off to 30.0s between requests
  ! throttled by Apple -- backing off to 30.0s between requests
  ! throttled by Apple -- backing off to 30.0s between requests
  ! throttled by Apple -- backing off to 30.0s between requests
  ! throttled by Apple -- backing off to 30.0s between requests
  ! throttled by Apple -- backing off to 30.0s between requests
  ! throttled by Apple -- backing off to 30.0s between requests
  ! throttled by Apple -- backing off to 30.0s between requests
  ! throttled by Apple -- backing off to 30.0s between requests
  ! throttled by Apple -- backing off to 30.0s between requests
  ! throttled by Apple -- backing off to 30.0s between requests
  ! throttled by Apple -- backing off to 30.0s between requests
  ! throttled by Apple -- backing off to 30.0s between requests
  ! throttled by Apple -- backing off to 30.0s between requests
  ! throttled by Apple -- backing off to 30.0s between requests
  ! throttled by Apple -- backing off to 30.0s between requests
  ! throttled by Apple -- backing off to 30.0s between requests
  ! throttled by Apple -- backing off to 30.0s between requests
  ! throttled by Apple -- backing off to 30.0s between requests
  ! throttled by Apple -- backing off to 30.0s between requests
  ! throttled by Apple -- backing off to 30.0s between requests
  ! throttled by Apple -- backing off to 30.0s between requests
  ! throttled by Apple -- backing off to 30.0s between requests
  probed 75/176
  ! throttled by Apple -- backing off to 30.0s between requests
  ! throttled by Apple -- backing off to 30.0s between requests
  ! throttled by Apple -- backing off to 30.0s between requests
  ! throttled by Apple -- backing off to 30.0s between requests
  ! throttled by Apple -- backing off to 30.0s between requests
  ! throttled by Apple -- backing off to 30.0s between requests
  ! throttled by Apple -- backing off to 30.0s between requests
  ! throttled by Apple -- backing off to 30.0s between requests
  ! throttled by Apple -- backing off to 30.0s between requests
  ! throttled by Apple -- backing off to 30.0s between requests
  ! throttled by Apple -- backing off to 30.0s between requests
  ! throttled by Apple -- backing off to 30.0s between requests
  ! throttled by Apple -- backing off to 30.0s between requests
  ! throttled by Apple -- backing off to 30.0s between requests
  ! throttled by Apple -- backing off to 30.0s between requests
  ! throttled by Apple -- backing off to 30.0s between requests
  ! throttled by Apple -- backing off to 30.0s between requests
  ! throttled by Apple -- backing off to 30.0s between requests
  ! throttled by Apple -- backing off to 30.0s between requests
  ! throttled by Apple -- backing off to 30.0s between requests
  ! throttled by Apple -- backing off to 30.0s between requests
  ! throttled by Apple -- backing off to 30.0s between requests
  ! throttled by Apple -- backing off to 30.0s between requests
  ! throttled by Apple -- backing off to 30.0s between requests
  ! throttled by Apple -- backing off to 30.0s between requests
  ! throttled by Apple -- backing off to 30.0s between requests
  ! throttled by Apple -- backing off to 30.0s between requests
  ! throttled by Apple -- backing off to 30.0s between requests
  ! throttled by Apple -- backing off to 30.0s between requests
  ! throttled by Apple -- backing off to 30.0s between requests
  ! throttled by Apple -- backing off to 30.0s between requests
  ! throttled by Apple -- backing off to 30.0s between requests
  ! throttled by Apple -- backing off to 30.0s between requests
  ! throttled by Apple -- backing off to 30.0s between requests
  ! throttled by Apple -- backing off to 30.0s between requests
  ! throttled by Apple -- backing off to 30.0s between requests
  ! throttled by Apple -- backing off to 30.0s between requests
  ! throttled by Apple -- backing off to 30.0s between requests
  probed 100/176
  ! throttled by Apple -- backing off to 30.0s between requests
  ! throttled by Apple -- backing off to 30.0s between requests
  ! throttled by Apple -- backing off to 30.0s between requests
  ! throttled by Apple -- backing off to 30.0s between requests
  ! throttled by Apple -- backing off to 30.0s between requests
  ! throttled by Apple -- backing off to 30.0s between requests
  ! throttled by Apple -- backing off to 22.6s between requests
  ! throttled by Apple -- backing off to 30.0s between requests
  ! throttled by Apple -- backing off to 30.0s between requests
  ! throttled by Apple -- backing off to 30.0s between requests
  ! throttled by Apple -- backing off to 30.0s between requests
  ! throttled by Apple -- backing off to 30.0s between requests
  ! throttled by Apple -- backing off to 30.0s between requests
  ! throttled by Apple -- backing off to 30.0s between requests
  ! throttled by Apple -- backing off to 30.0s between requests
  ! throttled by Apple -- backing off to 30.0s between requests
  ! throttled by Apple -- backing off to 30.0s between requests
  ! throttled by Apple -- backing off to 30.0s between requests
  ! throttled by Apple -- backing off to 30.0s between requests
  ! throttled by Apple -- backing off to 30.0s between requests
  ! throttled by Apple -- backing off to 30.0s between requests
  ! throttled by Apple -- backing off to 30.0s between requests
  ! throttled by Apple -- backing off to 30.0s between requests
  ! throttled by Apple -- backing off to 30.0s between requests
  ! throttled by Apple -- backing off to 30.0s between requests
  ! throttled by Apple -- backing off to 30.0s between requests
  ! throttled by Apple -- backing off to 30.0s between requests
  ! throttled by Apple -- backing off to 30.0s between requests
  ! throttled by Apple -- backing off to 30.0s between requests
  ! throttled by Apple -- backing off to 30.0s between requests
  ! throttled by Apple -- backing off to 30.0s between requests
  ! throttled by Apple -- backing off to 30.0s between requests
  ! throttled by Apple -- backing off to 30.0s between requests
  ! throttled by Apple -- backing off to 30.0s between requests
  ! throttled by Apple -- backing off to 30.0s between requests
  ! throttled by Apple -- backing off to 30.0s between requests
  ! throttled by Apple -- backing off to 30.0s between requests
  ! throttled by Apple -- backing off to 30.0s between requests
  ! throttled by Apple -- backing off to 30.0s between requests
  ! throttled by Apple -- backing off to 30.0s between requests
  ! throttled by Apple -- backing off to 30.0s between requests
  probed 125/176
  ! throttled by Apple -- backing off to 30.0s between requests
  ! throttled by Apple -- backing off to 30.0s between requests
  ! throttled by Apple -- backing off to 30.0s between requests
  ! throttled by Apple -- backing off to 30.0s between requests
  ! throttled by Apple -- backing off to 30.0s between requests
  ! throttled by Apple -- backing off to 30.0s between requests
  ! throttled by Apple -- backing off to 22.6s between requests
  ! throttled by Apple -- backing off to 30.0s between requests
  ! throttled by Apple -- backing off to 30.0s between requests
  ! throttled by Apple -- backing off to 30.0s between requests
  ! throttled by Apple -- backing off to 30.0s between requests
  ! throttled by Apple -- backing off to 30.0s between requests
  ! throttled by Apple -- backing off to 30.0s between requests
  ! throttled by Apple -- backing off to 30.0s between requests
  ! throttled by Apple -- backing off to 30.0s between requests
  ! throttled by Apple -- backing off to 30.0s between requests
  ! throttled by Apple -- backing off to 30.0s between requests
  ! throttled by Apple -- backing off to 30.0s between requests
  ! throttled by Apple -- backing off to 30.0s between requests
  ! throttled by Apple -- backing off to 30.0s between requests
  ! throttled by Apple -- backing off to 30.0s between requests
  probed 150/176
  ! throttled by Apple -- backing off to 30.0s between requests
  ! throttled by Apple -- backing off to 30.0s between requests
  ! throttled by Apple -- backing off to 30.0s between requests
  ! throttled by Apple -- backing off to 30.0s between requests
  ! throttled by Apple -- backing off to 30.0s between requests
  ! throttled by Apple -- backing off to 30.0s between requests
  ! throttled by Apple -- backing off to 30.0s between requests
